border_size=1
usage=map

Rd, Rd, Rd, Rd, Rd, Rd, Rd, Rd, Rd, Rd, Rd, Rd, Rd, Rd, Rd, Rd, Urb, Urb, Urb, Urb, Urb, Urb, Urb, Urb, Urb, Urb, Urb, Urb, Mm^Xm, Gg, Mm^Xm, Urb, Qlf, Qlf, Co, Gg, Gg, Gg, Gg, Gg, Gg, Gg, Gg, Gg, Gg, Gg
Rd, Rd, Dd^Vda, Rd, Dd^Edpp, Rd^Edpp, Dd^Ftd, Rd, Dd^Vda, Rd^Edpp, Rd^Edpp, Rd^Edpp, Rd, Rd, Rd, Rd, Urb, Urb, Urb, Urb, Urb, Urb, Urb, Urb, Urb, Urb, Mm^Xm, Mm^Xm, Mm^Xm, Mm^Xm, Mm^Xm, Mm^Xm, Mm^Xm, Qlf, Qlf, Co, Gg^Edt, Gs^Vh, Gg^Edt, Gs^Vl, Gg, Gg^Edt, Gg, Gg, Gg, Gg
Rd, Rd^Edpp, Dd^Dc, Rd, Dd^Vdt, Rd^Ecf, Dd^Dc, Rd, Rd^Ecf, Rd, Dd^Dc, Rd, Rd^Edpp, Rd, Rd, Urb, Urb, Urb, Urb, Urb, Urb, Urb, Urb, Urb, Mm^Xm, Mm^Xm, Mm^Xm, Mm^Xm, Gd, Mm^Xm, Mm^Xm, Mm^Xm, Mm^Xm, Qlf, Qlf, Co, Rrc^Edt, Rrc^Edt, Rrc^Edt, Rrc^Edt, Rrc, Gs^Vh, Gg^Edt, Gs^Vl, Rrc, Gg
Rd, Dd^Ftd, Dd^Vda, Rd, Dd^Ftd, Rd^Ecf, Dd^Vda, Rd^Edpp, Rd, Dd^Ftd, Rd, Rd, Rd^Edpp, Rd^Edpp, Rd, Urb, Urb, Urb, Urb, Urb, Urb, Urb, Mm^Xm, Mm^Xm, Mm^Xm, Mm^Xm, Chr, Gd, Gd^Vhr, Gd, Gd, Mm^Xm, Mm^Xm, Mm^Xm, Qlf, Rrc, Gg^Vwm, Rrc, Rrc, Gg^Edt, Gg^Ecf, Rrc, Rrc^Edt, Gg, Gg^Eff, Gg^Eff
Rd, Rd, Rd^Edpp, Rd^Ecf, Rd^Edpp, Dd^Vda, Dd^Ecf, Dd^Vdt, Dd^Edpp, Rd^Ecf, Dd^Dc, Rd, Rd^Edpp, Rd, Rd, Urb, Urb, Urb, Urb, Urb, Urb, Urb, Mm^Xm, Mm^Xm, Chr, Rp^Vhcr, Chr, Gd^Ecf, Gd^Edt, Gd^Edb, Gd^Edb, Gd^Ecf, Gd, Mm^Xm, Qlf, Co, Co, Rrc, Rrc, Gg, Gg, Gg, Gg^Eff, Gg^Eff, Re^Emf, Re^Emf
Rd, Rd^Ecf, Rd^Edpp, Dd^Dc, Dd^Vdt, Dd^Vdt, Dd^Vda, Dd^Vda, Rd, Rd, Rd, Rd, Rd^Edpp, Rd, Rd, Urb, Urb, Urb, Urb, Urb, Urb, Urb, Mm^Xm, Mm^Xm, Gd^Eff, Chr, Chr, Gd^Edb, Gd^Edb, Gd^Edb, Gd^Es, Gd^Vhr, Gd, Mm^Xm, Mm^Xm, Qlf, Co, Rrc, Rrc, Co, Co, Gg^Vwm, Re^Eff, Re^Emf, Re^Gvs, Re^Gvs
Rd, Rd, Rd, Dd^Vda, Rd, Rd^Ecf, Rd, Rd^Edpp, Rd^Ecf, Dd^Ftd, Rd^Edpp, Rd^Edpp, Rd^Edpp, Rd, Rd^Edpp, Urb, Urb, Urb, Urb, Urb, Urb, Urb, Urb, Mm^Xm, Mm^Xm, Gd^Eff, Gd^Eff, Gd^Vhr, Gd^Edb, Gd^Ecf, Gd^Edt, Gd^Wm, Gd^Gvs, Mm^Xm, Mm^Xm, Qlf, Qlf, Rrc^Eff, Rrc^Eff, Co, Qlf, Co, Co, Co, Co, Re^Gvs
Rd^Edpp, Rd^Edpp, Rd, Rd^Edpp, Rd^Edpp, Dd^Ftd, Rd^Edpp, Dd^Dc, Rd^Edpp, Rd^Edpp, Rd^Edpp, Rd^Edpp, Rd, Rd^Edpp, Urb, Urb, Urb, Urb, Urb, Urb, Urb, Urb, Mm^Xm, Mm^Xm, Mm^Xm, Mm^Xm, Ql, Gd^Eff, Gd, Gd, Gd, Gd^Gvs, Gd^Gvs, Mm^Xm, Mm^Xm, Urb, Urb, Rrc, Urb, Urb, Urb, Qlf, Qlf, Qlf, Qlf, Qlf
Rd, Rd, Rd, Rd, Rd, Rd, Rd^Edpp, Rd^Edpp, Rd^Edpp, Rd^Edpp, Rd, Rd, Urb, Urb, Urb, Urb, Urb, Urb, Urb, Urb, Mm^Xm, Mm^Xm, Mm^Xm, Mm^Xm, Ql, Ql, Ql, Ql, Gd, Gd^Eff, Gd^Eff, Gd, Mm^Xm, Mm^Xm, Mm^Xm, Urb, Urb, Urb, Urb, Urb, Urb, Urb, Urb, Urb, Urb, Urb
Rd, Rd, Rd, Rd, Rd, Rd, Urb, Rd, Urb, Rd, Urb, Urb, Urb, Urb, Urb, Urb, Urb, Urb, Mm^Xm, Mm^Xm, Mm^Xm, Mm^Xm, Ql, Ql, Ql, Ql, Qxu^Bcx/, Qxu^Bcx/, Ql, Ql, Ql, Mm^Xm, Mm^Xm, Mm^Xm, Urb, Urb, Urb^Edb, Urb^Edb, Urb^Edb, Urb, Urb, Urb, Urb, Urb, Urb, Urb
Urb, Urb, Urb, Urb, Urb, Urb, Urb, Urb, Urb, Urb, Urb, Urb, Urb, Urb, Urb, Urb, Mm^Xm, Mm^Xm, Mm^Xm, Mm^Xm, Ql, Ql, Ql, Ql, Qxu^Bcx/, Qxu^Bcx/, Ql, Ql, Ql, Ql, Mm^Xm, Mm^Xm, Mm^Xm, Urb, Urb^Edb, Urb^Edb, Urb, Urb^Edb, Urb^Edb, Urb, Urb^Edb, Urb, Urb, Urb, Urb, Urb
Urb, Urb, Urb, Urb, Urb, Urb, Urb, Urb, Urb, Urb, Urb, Urb, Urb, Urb, Urb, Mm^Xm, Mm^Xm, Mm^Xm, Ql, Ql, Ql, Ql, Qxu^Bcx/, Qxu^Bcx/, Ql, Ql, Ql, Ql, Mm^Xm, Mm^Xm, Mm^Xm, Mm^Xm, Urb^Edb, Urb, Urb^Edb, Urb, Urb^Edb, Urb^Edb, Urb^Edb, Urb^Edb, Urb^Edb, Urb^Edb, Urb^Edb, Urb, Urb, Urb
Urb, Urb, Urb, Urb, Qxe, Urb, Qxe, Urb, Qxe, Urb, Qxe, Urb, Qxe, Urb, Qxe, Mm^Xm, Ql, Ql, Ql, Ql, Qxu^Bcx/, Qxu^Bcx/, Ql, Ql, Ql, Ql, Mm^Xm, Mm^Xm, Mm^Xm, Mm^Xm, Mm^Xm, Urb, Urb, Urb, Urb^Edb, Urb^Edb, Urb^Edb, Urb^Edb, Urb^Edb, Urb^Edb, Urb^Edb, Urb^Edb, Urb^Edb, Urb, Urb, Urb
Qxe, Qxe, Qxe, Qxe, Qxe, Qxe, Qxe, Qxe, Ket, Qxe, Ket, Qxe, Ket, Qxe, Ket, Ql, Ql, Ql, Qxu^Bcx/, Qxu^Bcx/, Ql, Ql, Ql, Ql, Mm^Xm, Mm^Xm, Mm^Xm, Urb, Urb, Urb, Urb^Edb, Urb^Edb, Urb^Edb, Urb^Edb, Urb^Edb, Urb^Edb, Urb^Edb, Urb^Edb, Urb^Edb, Urb^Edb, Urb^Edb, Urb^Edb, Urb, Urb, Urb, Urb
Qxe, Qxe, Ket, Ket, Ket, Ket, Ket, Ket, Ket, Ket, Ket, Ket, Ket, Ket, Ket, Ket, Ket, Ket, Ql, Ql, Ql^Edb, Ql, Mm^Xm, Mm^Xm, Mm^Xm, Mm^Xm, Urb, Urb, Urb^Edb, Urb^Edb, Urb^Edb, Urb^Edb, Urb^Edb, Urb^Edb, Urb^Edb, Urb^Edb, Urb^Edb, Urb^Edb, Urb^Edb, Urb^Edb, Urb, Urb, Urb, Urb, Urb, Urb
Qxe, Qxe, Qxe, Ket, Qxe, Ket, Ket, Ket, Ket, Ket, Ket, Ket, Ket, Ket, Ket, Ket, Ql, Ket, Ql, Ql, Urb^Edb, Mm^Edb, Mm^Xm, Mm^Xm, Urb, Mm^Xm, Urb^Edb, Urb^Edb, Urb^Edb, Urb^Edb, Urb^Edb, Urb^Edb, Urb^Edb, Urb^Edb, Urb^Edb, Urb^Edb, Urb^Edb, Urb^Edb, Urb^Edb, Urb, Urb^Edb, Urb^Edb, Urb, Urb, Urb, Urb
Hh, Qxe, Qxe, Qxe, Qxe, Qxe, Qxe, Qxe, Qxe, Qxe, Qxe, Qxe, Qxe, Qxe, Qxe, Qxe, Ql, Ql, Ql, Ql, Urb^Edb, Urb^Edb, Urb^Edb, Urb, Urb, Urb^Edb, Urb^Edb, Urb^Edb, Urb^Edb, Urb^Edb, Urb^Edb, Urb^Edb, Urb^Edb, Urb^Edb, Urb^Edb, Urb^Edb, Urb^Edb, Urb, Urb, Urb^Edb, Urb^Edb, Urb^Edb, Urb^Edb, Urb^Edb, Urb^Edb, Urb
Ss, Hh, Ss, Hh, Hh, Qxe, Ss, Qxe, Hh, Qxe, Hh, Qxe, Hh, Qxe, Hh, Hh^Edb, Urb^Edb, Ql, Urb^Edb, Urb^Edb, Urb^Edb, Urb^Edb, Urb^Edb, Urb, Urb^Edb, Urb^Edb, Urb^Edb, Urb^Edb, Urb^Edb, Urb^Edb, Urb^Edb, Urb^Edb, Urb^Edb, Urb^Edb, Urb^Edb, Urb^Edb, Urb^Edb, Urb^Edb, Urb^Edb, Urb^Edb, Urb, Urb^Edb, Urb, Urb, Urb, Urb
Ss, Ss, Ss, Ss, Ss, Ss, Ss, Ss, Ss, Ss, Ss, Ss, Ss, Ss, Hh^Edb, Hh^Edb, Hh^Edb, Urb^Edb, Hh^Edb, Urb^Edb, Urb^Edb, Urb^Edb, Urb^Edb, Urb^Edb, Urb^Edb, Urb, Urb^Edb, Urb^Edb, Urb, Urb, Qxua, Qxua, Qxua, Qxua, Qxua^Edb, Urb^Edb, Qxua, Qxua, Qxua, Qxua, Qxua, Urb, Qxua, Urb, Urb, Urb
Ss, Ss, Ss, Ss, Ss, Ss, Ss, Ss, Ss, Ss, Ss, Ss, Ss, Ss, Ss^Edb, Ss^Edb, Ss, Hh^Edb, Hh^Edb, Hh^Edb, Urb^Edb, Urb^Edb, Urb, Urb^Edb, Urb, Urb^Edb, Uu^Vud, Urb, Qxua, Qxua, Qxua, Qxua, Qxua, Qxua^Edb, Qxua, Qxua, Qxua, Qxua, Qxua, Qxua, Qxua, Qxua, Qxua, Qxua, Qxua, Qxua
Ss, Ss, Ss, Ss, Ss, Ss, Ss, Ss, Ss, Ss, Ss, Ss, Ss, Ss^Edb, Ss^Edb, Ss^Edb, Ss, Ss, Hh, Hh, Urb, Urb, Urb, Urb, Uu^Vud, Qxu^Bcx\, Qxu^Bcx\, Ql, Ql, Qxua, Qxua, Qxua, Qxua, Qxua, Qxua, Qxua, Qxua, Qxua, Qxua, Qxua, Qxua, Qxua, Qxua, Qxua, Qxua, Qxua
Ss, Ss, Ss, Ss, Ss, Ss, Ss, Ss, Ss, Ss, Ss, Ss, Ss, Ss, Ss, Ss, Ss, Ss, Hh, Hh, Urb, Urb, Urb, Urb, Urb, Ql, Ql, Qxu^Bcx\, Qxu^Bcx\, Ql, Ql, Qlf, Qlf, Qxua, Qlf, Qxua, Qlf, Qxua, Qlf, Qxua, Qlf, Qxua, Qlf, Qxua, Qlf, Qxua
Ss, Ss, Ss, Ss, Ss, Ss, Ss, Ss, Ss, Ss, Ss, Ss, Khs, Ss, Ss, Ss, Ss, Ss, Ss, Hh, Urb, Urb, Urb, Urb, Qxua, Qxua, Qxua, Ql, Ql, Qxu^Bcx\, Qxu^Bcx\, Qlf^Edb, Qlf^Edb, Qlf, Qlf, Qlf, Qlf, Qlf, Qlf, Qlf, Qlf, Qlf, Qlf, Qlf, Qlf, Qlf
Ss, Ss, Ss, Ss, Ss, Ss, Ss, Wot, Wot, Wot, Khs^Ecf, Khs^Ecf, Ss^Vhs, Khs^Ecf, Khs, Ss, Ss, Ss, Ss, Hh, Urb, Urb, Urb, Urb, Qxua, Qxua, Qxua, Ql, Qlf, Qlf, Qlf, Qxu^Edb, Qxu^Bcx\, Qlf, Qlf, Qlf, Qlf, Qlf, Qlf, Qlf, Qlf, Qlf, Qlf, Qlf, Qlf, Qlf
Ss, Ss, Ss, Ss, Ss, Ss, Ss, Wot, Ss^Vhs, Ss^Vhs, Wot^Bw/r, Khs, Khs, Khs, Ss, Ss, Ss, Ss, Ss, Hh, Hh, Urb, Urb, Urb, Qxua, Qxua, Qxua, Ql, Qlf, Qlf, Qlf, Qlf, Qlf, Qxu^Bcx\, Qxu^Bcx\, Qlf, Qlf, Qlf, Mv, Qlf, Cud, Mv, Urb, Qlf, Qlf, Qlf
Ss, Ss, Ss, Ss, Ss, Ss, Ss, Wot, Ss^Bw/r, Ss^Ecf, Ss^Vhs, Ss^Vhs, Wot, Ss, Ss, Ss, Ss, Ss, Ss, Hh, Hh, Urb, Urb, Urb, Qxua, Qxua, Qxua, Ql, Ql, Qlf, Qlf, Qlf, Qlf, Qlf, Qlf, Qxu^Bcx\, Qxu^Bcx\, Urb, Urb, Cud, Rr^Vd, Cud, Urb, Qlf, Qlf, Qlf
Ss, Ss, Ss, Ss, Ss, Ss, Ss, Ss^Bw|r, Ss, Wot, Wot, Wot, Ss, Ss, Ss, Ss, Ss, Ss, Ss, Hh, Urb, Urb, Urb, Urb, Qxua, Qxua, Qxua, Ql, Ql, Qlf, Qlf, Qlf, Qlf, Qlf, Qlf, Mv, Urb, Urb, Urb, Cud, Cud, Cud, Urb, Qlf, Qlf, Qlf
Ss, Ss, Ss, Ss, Ss, Ss, Ss, Ss^Bw|r, Wot, Ss, Ss, Ss, Ss, Ss, Ss, Ss, Ss, Ss, Hh, Hh, Urb, Urb, Urb, Urb, Urb, Qxua, Qxua, Ql, Ql, Ql, Ql, Qlf, Qlf, Qlf, Qlf, Qlf, Qlf, Qlf, Qlf, Urb, Qlf, Urb, Qlf, Qlf, Qlf, Qlf
Ss, Ss, Ss, Ss, Ss, Ss, Ss^Ecf, Ss^Bw/r, Ss, Ss, Ss, Ss, Ss, Ss, Ss, Ss, Ss, Ss, Hh, Hh, Urb, Urb, Urb, Urb, Urb, Qxua, Qxua, Qxua, Qxua, Ql, Ql, Ql, Ql, Qlf, Qlf, Qlf, Qlf, Qlf, Qlf, Qlf, Qlf, Qlf, Qlf, Qlf, Qlf, Qlf
Ss, Ss, Ss, Ss, Ss^Vhs, Ss^Bw/r, Ss, Ss, Ss, Ss, Ss, Ss, Ss, Ss, Ss, Ss, Ss, Ss, Hh, Hh, Urb, Urb, Urb, Urb, Urb, Urb, Urb, Qxua, Qxua, Qxua, Qxua, Ql, Ql, Ql, Ql, Ql, Ql, Ql, Ql, Qlf, Ql, Qlf, Ql, Qlf, Ql, Qlf
Ss, Ss, Ss, Ss, Ss, Ss, Ss, Ss, Ss, Ss, Ss, Ss, Ss, Ss, Ss, Ss, Ss, Ss, Ss, Hh, Urb, Urb, Urb, Urb, Urb, Urb, Urb, Urb, Urb, Qxua, Qxua, Qxua, Qxua, Ql, Qxua, Ql, Qxua, Ql, Qxua, Ql, Qxua, Ql, Qxua, Ql, Qxua, Ql
Ss, Ss, Ss, Ss, Ss, Ss, Ss, Ss, Ss, Ss, Ss, Ss, Ss, Ss, Ss, Ss, Ss, Ss, Ss, Hh, Urb, Urb, Urb, Urb, Urb, Urb, Urb, Urb, Urb, Urb, Qxua, Qxua, Qxua, Qxua, Qxua, Qxua, Qxua, Qxua, Qxua, Qxua, Qxua, Qxua, Qxua, Qxua, Qxua, Qxua
Ss, Ss, Ss, Ss, Ss, Ss, Ss, Ss, Ss, Ss, Ss, Ss, Ss, Ss, Ss, Ss, Ss, Ss, Ss, Hh, Urb, Urb, Urb, Urb, Urb, Urb, Urb, Urb, Urb, Urb, Urb, Qxua, Qxua, Qxua, Qxua, Qxua, Qxua, Qxua, Qxua, Qxua, Urb, Qxua, Qxua, Qxua, Qxua, Qxua
Ss, Ss, Ss, Ss, Ss, Ss, Ss, Ss, Ss, Ss, Ss, Ss, Ss, Ss, Ss, Ss, Ss, Ss, Ss, Hh, Urb, Urb, Urb, Urb, Urb, Urb, Urb, Urb, Urb, Urb, Urb, Urb, Qxua, Qxua, Urb, Qxua, Urb, Urb, Urb, Urb, Urb, Urb, Urb, Urb, Urb, Urb
Ss, Ss, Ss, Ss, Ss, Ss, Ss, Ss, Ss, Ss, Ss, Ss, Ss, Ss, Ss, Ss, Ss, Ss, Ss, Hh, Urb, Urb, Urb, Urb, Urb, Urb, Urb, Urb, Urb, Urb, Urb, Urb, Urb, Urb, Urb, Urb, Urb, Urb, Urb, Urb, Urb, Urb, Urb, Urb, Urb, Urb
